2026-05-09 11:11:16.267 [INFO ] org.example.tests.TC01_CarWashServicesTest - === TC01 CarWash Services Test — Setup ===
2026-05-09 11:11:24.464 [INFO ] org.example.tests.TC01_CarWashServicesTest - TC01 setup complete.
2026-05-09 11:11:24.529 [INFO ] org.example.listeners.ExtentTestListener - TEST STARTED: openIndiaMart
2026-05-09 11:11:25.685 [INFO ] org.example.pages.IndiaMartHomePage - Navigating to IndiaMart homepage.
2026-05-09 11:11:33.037 [INFO ] org.example.pages.IndiaMartHomePage - IndiaMart homepage loaded. Title: IndiaMART - Indian Manufacturers Suppliers Exporters Directory, India Exporter Manufacturer
2026-05-09 11:11:33.086 [INFO ] org.example.tests.TC01_CarWashServicesTest - Step 1 | PASS | IndiaMart opened. Title: IndiaMART - Indian Manufacturers Suppliers Exporters Directory, India Exporter Manufacturer
2026-05-09 11:11:33.099 [INFO ] org.example.listeners.ExtentTestListener - TEST PASSED:  openIndiaMart
2026-05-09 11:11:33.973 [INFO ] org.example.utils.ScreenshotUtil - Screenshot saved: C:\Users\2478599\IdeaProjects\Final Project\Team5\Team5_FinalProject_QEA\reports\screenshots\openIndiaMart_20260509_111133.png
2026-05-09 11:11:34.000 [INFO ] org.example.listeners.ExtentTestListener - TEST STARTED: handleHomePagePopup
2026-05-09 11:11:34.000 [INFO ] org.example.pages.IndiaMartHomePage - Checking for homepage popup.
2026-05-09 11:11:42.160 [INFO ] org.example.pages.BasePage - Popup did not appear within 5s — skipping.
2026-05-09 11:11:42.164 [INFO ] org.example.tests.TC01_CarWashServicesTest - Step 2 | PASS | Home page popup check complete.
2026-05-09 11:11:42.166 [INFO ] org.example.listeners.ExtentTestListener - TEST PASSED:  handleHomePagePopup
2026-05-09 11:11:43.023 [INFO ] org.example.utils.ScreenshotUtil - Screenshot saved: C:\Users\2478599\IdeaProjects\Final Project\Team5\Team5_FinalProject_QEA\reports\screenshots\handleHomePagePopup_20260509_111142.png
2026-05-09 11:11:43.032 [INFO ] org.example.listeners.ExtentTestListener - TEST STARTED: searchCarWashService
2026-05-09 11:11:43.032 [INFO ] org.example.pages.IndiaMartHomePage - Searching for: 'Car Wash Service'
2026-05-09 11:11:49.656 [INFO ] org.example.pages.IndiaMartHomePage - Search complete. Current URL: https://dir.indiamart.com/search.mp?ss=Car+Wash+Service&prdsrc=1&v=4&mcatid=&catid=&crs=xnh-city&trc=xim&cq=Chennai&tags=res:RC2|ktp:N0|stype:attr=1|mtp:S|wc:3|lcf:3|cq:chennai|qr_nm:gl-gd|cs:18595|com-cf:nl|ptrs:na|mc:137331|cat:656|qry_typ:S|lang:en|tyr:1|qrd:260505|mrd:260428|prdt:260508|msf:ls|gli:U0G0I0|gc:Chennai|ic:Chennai|scw:1|emt:9
2026-05-09 11:11:49.681 [INFO ] org.example.tests.TC01_CarWashServicesTest - Step 3 | PASS | Searched for: Car Wash Service
2026-05-09 11:11:49.685 [INFO ] org.example.listeners.ExtentTestListener - TEST PASSED:  searchCarWashService
2026-05-09 11:11:50.202 [INFO ] org.example.utils.ScreenshotUtil - Screenshot saved: C:\Users\2478599\IdeaProjects\Final Project\Team5\Team5_FinalProject_QEA\reports\screenshots\searchCarWashService_20260509_111149.png
2026-05-09 11:11:50.205 [INFO ] org.example.listeners.ExtentTestListener - TEST STARTED: handlePostSearchPopup
2026-05-09 11:11:50.205 [INFO ] org.example.pages.IndiaMartResultsPage - Checking for post-search popup.
2026-05-09 11:11:58.267 [INFO ] org.example.pages.BasePage - Popup did not appear within 5s — skipping.
2026-05-09 11:11:58.267 [INFO ] org.example.pages.IndiaMartResultsPage - Post-search popup check complete.
2026-05-09 11:11:58.268 [INFO ] org.example.tests.TC01_CarWashServicesTest - Step 4 | PASS | Post-search popup check complete.
2026-05-09 11:11:58.268 [INFO ] org.example.listeners.ExtentTestListener - TEST PASSED:  handlePostSearchPopup
