2026-05-09 17:02:05.150 [INFO ] org.example.tests.TC01_CarWashServicesTest - === TC01 CarWash Services Test — Setup ===
2026-05-09 17:02:13.205 [INFO ] org.example.tests.TC01_CarWashServicesTest - TC01 setup complete.
2026-05-09 17:02:13.290 [INFO ] org.example.listeners.ExtentTestListener - TEST STARTED: openIndiaMart
2026-05-09 17:02:14.822 [INFO ] org.example.pages.IndiaMartHomePage - Navigating to IndiaMart homepage.
2026-05-09 17:02:22.026 [INFO ] org.example.pages.IndiaMartHomePage - IndiaMart homepage loaded. Title: IndiaMART - Indian Manufacturers Suppliers Exporters Directory, India Exporter Manufacturer
2026-05-09 17:02:22.050 [INFO ] org.example.tests.TC01_CarWashServicesTest - Step 1 | PASS | IndiaMart opened. Title: IndiaMART - Indian Manufacturers Suppliers Exporters Directory, India Exporter Manufacturer
2026-05-09 17:02:22.063 [INFO ] org.example.listeners.ExtentTestListener - TEST PASSED:  openIndiaMart
2026-05-09 17:02:22.885 [INFO ] org.example.utils.ScreenshotUtil - Screenshot saved: C:\Users\2478599\IdeaProjects\Final Project\Team5\Team5_FinalProject_QEA\reports\screenshots\openIndiaMart_20260509_170222.png
2026-05-09 17:02:22.897 [INFO ] org.example.listeners.ExtentTestListener - TEST STARTED: handleHomePagePopup
2026-05-09 17:02:22.910 [INFO ] org.example.pages.IndiaMartHomePage - Checking for homepage popup.
2026-05-09 17:02:30.971 [INFO ] org.example.pages.BasePage - Popup did not appear within 5s — skipping.
2026-05-09 17:02:30.971 [INFO ] org.example.tests.TC01_CarWashServicesTest - Step 2 | PASS | Home page popup check complete.
2026-05-09 17:02:30.971 [INFO ] org.example.listeners.ExtentTestListener - TEST PASSED:  handleHomePagePopup
2026-05-09 17:02:31.882 [INFO ] org.example.utils.ScreenshotUtil - Screenshot saved: C:\Users\2478599\IdeaProjects\Final Project\Team5\Team5_FinalProject_QEA\reports\screenshots\handleHomePagePopup_20260509_170230.png
2026-05-09 17:02:31.882 [INFO ] org.example.listeners.ExtentTestListener - TEST STARTED: searchCarWashService
2026-05-09 17:02:31.882 [INFO ] org.example.pages.IndiaMartHomePage - Searching for: 'Car Wash Service'
2026-05-09 17:02:38.057 [INFO ] org.example.pages.IndiaMartHomePage - Search complete. Current URL: https://dir.indiamart.com/search.mp?ss=Car+Wash+Service&prdsrc=1&v=4&mcatid=&catid=&crs=xnh-city&trc=xim&cq=Chennai&tags=res:RC2|ktp:N0|stype:attr=1|mtp:S|wc:3|lcf:3|cq:chennai|qr_nm:gl-gd|cs:18600|com-cf:nl|ptrs:na|mc:137331|cat:656|qry_typ:S|lang:en|tyr:1|qrd:260509|mrd:260428|prdt:260509|msf:ls|gli:U0G0I0|gc:Chennai|ic:Chennai|scw:1|emt:9
2026-05-09 17:02:38.063 [INFO ] org.example.tests.TC01_CarWashServicesTest - Step 3 | PASS | Searched for: Car Wash Service
2026-05-09 17:02:38.063 [INFO ] org.example.listeners.ExtentTestListener - TEST PASSED:  searchCarWashService
2026-05-09 17:02:38.584 [INFO ] org.example.utils.ScreenshotUtil - Screenshot saved: C:\Users\2478599\IdeaProjects\Final Project\Team5\Team5_FinalProject_QEA\reports\screenshots\searchCarWashService_20260509_170238.png
2026-05-09 17:02:38.600 [INFO ] org.example.listeners.ExtentTestListener - TEST STARTED: handlePostSearchPopup
2026-05-09 17:02:38.600 [INFO ] org.example.pages.IndiaMartResultsPage - Checking for post-search popup.
2026-05-09 17:02:44.926 [WARN ] org.example.pages.BasePage - Popup detected and closed.
2026-05-09 17:02:44.926 [INFO ] org.example.pages.IndiaMartResultsPage - Post-search popup check complete.
2026-05-09 17:02:44.926 [INFO ] org.example.tests.TC01_CarWashServicesTest - Step 4 | PASS | Post-search popup check complete.
2026-05-09 17:02:44.926 [INFO ] org.example.listeners.ExtentTestListener - TEST PASSED:  handlePostSearchPopup
2026-05-09 17:02:45.562 [INFO ] org.example.utils.ScreenshotUtil - Screenshot saved: C:\Users\2478599\IdeaProjects\Final Project\Team5\Team5_FinalProject_QEA\reports\screenshots\handlePostSearchPopup_20260509_170244.png
2026-05-09 17:02:45.562 [INFO ] org.example.listeners.ExtentTestListener - TEST STARTED: applyChennaiFilter
2026-05-09 17:02:45.571 [INFO ] org.example.pages.IndiaMartResultsPage - Applying Chennai-based Suppliers filter.
2026-05-09 17:02:54.238 [INFO ] org.example.pages.IndiaMartResultsPage - Chennai-based Suppliers filter applied.
2026-05-09 17:02:54.238 [INFO ] org.example.tests.TC01_CarWashServicesTest - Step 5 | PASS | Chennai-based Suppliers filter applied.
2026-05-09 17:02:54.247 [INFO ] org.example.listeners.ExtentTestListener - TEST PASSED:  applyChennaiFilter
2026-05-09 17:02:54.742 [INFO ] org.example.utils.ScreenshotUtil - Screenshot saved: C:\Users\2478599\IdeaProjects\Final Project\Team5\Team5_FinalProject_QEA\reports\screenshots\applyChennaiFilter_20260509_170254.png
2026-05-09 17:02:54.757 [INFO ] org.example.listeners.ExtentTestListener - TEST STARTED: applyFoamWashFilter
2026-05-09 17:02:54.757 [INFO ] org.example.pages.IndiaMartResultsPage - Applying Foam Wash filter.
2026-05-09 17:03:03.287 [INFO ] org.example.pages.IndiaMartResultsPage - Foam Wash filter applied.
2026-05-09 17:03:03.295 [INFO ] org.example.tests.TC01_CarWashServicesTest - Step 6 | PASS | Foam Wash filter applied.
2026-05-09 17:03:03.296 [INFO ] org.example.listeners.ExtentTestListener - TEST PASSED:  applyFoamWashFilter
2026-05-09 17:03:03.849 [INFO ] org.example.utils.ScreenshotUtil - Screenshot saved: C:\Users\2478599\IdeaProjects\Final Project\Team5\Team5_FinalProject_QEA\reports\screenshots\applyFoamWashFilter_20260509_170303.png
2026-05-09 17:03:03.849 [INFO ] org.example.listeners.ExtentTestListener - TEST STARTED: applyVacuumingFilter
2026-05-09 17:03:03.849 [INFO ] org.example.pages.IndiaMartResultsPage - Applying Vacuuming filter.
2026-05-09 17:03:12.337 [INFO ] org.example.pages.IndiaMartResultsPage - Vacuuming filter applied.
2026-05-09 17:03:12.337 [INFO ] org.example.tests.TC01_CarWashServicesTest - Step 7 | PASS | Vacuuming filter applied.
2026-05-09 17:03:12.337 [INFO ] org.example.listeners.ExtentTestListener - TEST PASSED:  applyVacuumingFilter
2026-05-09 17:03:13.076 [INFO ] org.example.utils.ScreenshotUtil - Screenshot saved: C:\Users\2478599\IdeaProjects\Final Project\Team5\Team5_FinalProject_QEA\reports\screenshots\applyVacuumingFilter_20260509_170312.png
2026-05-09 17:03:13.088 [INFO ] org.example.listeners.ExtentTestListener - TEST STARTED: displayTop5CarWashServices
2026-05-09 17:03:21.110 [INFO ] org.example.pages.IndiaMartResultsPage - ===== CAR WASHING SERVICES IN CHENNAI (TOP 5) =====
2026-05-09 17:03:21.133 [WARN ] org.example.pages.IndiaMartResultsPage - No results found. URL: https://dir.indiamart.com/search.mp?ss=car+wash+service&v=4&mcatid=&catid=&cq=chennai&city_only=true&q-Type+Of+Cleaning=Foam+Wash&src=advanced-filter&q-Interior+Cleaning+Provided=Vacuuming&tags=res:RC2|ktp:N0|stype:attr=1|mtp:S|emr:0|wc:6|lcf:3|cq:chennai|qr_nm:emg-gl-gd|cs:19929|com-cf:nl|ptrs:na|mc:137331|erc:0|cat:656|qry_typ:S|lang:en|tyr:1|qrd:260505|mrd:260428|prdt:260509|msf:ls|gli:U0G0I0|gc:Chennai|ic:Chennai|scw:1|emt:0
2026-05-09 17:03:21.133 [INFO ] org.example.pages.IndiaMartResultsPage - ====================================================
2026-05-09 17:03:25.210 [INFO ] org.example.utils.ExcelUtil - Excel report saved: C:\Users\2478599\IdeaProjects\Final Project\Team5\Team5_FinalProject_QEA\test-output\CarWashServices.xlsx
2026-05-09 17:03:25.226 [INFO ] org.example.tests.TC01_CarWashServicesTest - Step 8 | PASS | Top 5 car wash services displayed.
2026-05-09 17:03:25.226 [INFO ] org.example.listeners.ExtentTestListener - TEST PASSED:  displayTop5CarWashServices
2026-05-09 17:03:25.734 [INFO ] org.example.utils.ScreenshotUtil - Screenshot saved: C:\Users\2478599\IdeaProjects\Final Project\Team5\Team5_FinalProject_QEA\reports\screenshots\displayTop5CarWashServices_20260509_170325.png
2026-05-09 17:03:34.572 [INFO ] org.example.base.BaseTest - Browser closed. Test run complete.
2026-05-09 17:03:34.574 [INFO ] org.example.listeners.ExtentTestListener - All tests finished. Flushing ExtentReport.
2026-05-09 17:03:35.492 [INFO ] org.example.tests.TC03_FreeListingFormTest - === TC03 Free Listing Form Test — Setup ===
2026-05-09 17:03:38.934 [INFO ] org.example.tests.TC03_FreeListingFormTest - TC03 setup complete.
2026-05-09 17:03:38.936 [INFO ] org.example.listeners.ExtentTestListener - TEST STARTED: openIndiaMart
2026-05-09 17:03:38.938 [INFO ] org.example.pages.IndiaMartHomePage - Navigating to IndiaMart homepage.
2026-05-09 17:03:44.710 [INFO ] org.example.pages.IndiaMartHomePage - IndiaMart homepage loaded. Title: IndiaMART - Indian Manufacturers Suppliers Exporters Directory, India Exporter Manufacturer
2026-05-09 17:03:44.758 [INFO ] org.example.tests.TC03_FreeListingFormTest - Step 1 | PASS | IndiaMart opened.
2026-05-09 17:03:44.761 [INFO ] org.example.listeners.ExtentTestListener - TEST PASSED:  openIndiaMart
2026-05-09 17:03:45.600 [INFO ] org.example.utils.ScreenshotUtil - Screenshot saved: C:\Users\2478599\IdeaProjects\Final Project\Team5\Team5_FinalProject_QEA\reports\screenshots\openIndiaMart_20260509_170344.png
2026-05-09 17:03:45.611 [INFO ] org.example.listeners.ExtentTestListener - TEST STARTED: handleHomePagePopup
2026-05-09 17:03:45.617 [INFO ] org.example.pages.IndiaMartHomePage - Checking for homepage popup.
2026-05-09 17:03:53.683 [INFO ] org.example.pages.BasePage - Popup did not appear within 5s — skipping.
2026-05-09 17:03:53.690 [INFO ] org.example.tests.TC03_FreeListingFormTest - Step 2 | PASS | Home page popup check complete.
2026-05-09 17:03:53.690 [INFO ] org.example.listeners.ExtentTestListener - TEST PASSED:  handleHomePagePopup
2026-05-09 17:03:54.557 [INFO ] org.example.utils.ScreenshotUtil - Screenshot saved: C:\Users\2478599\IdeaProjects\Final Project\Team5\Team5_FinalProject_QEA\reports\screenshots\handleHomePagePopup_20260509_170353.png
2026-05-09 17:03:54.568 [INFO ] org.example.listeners.ExtentTestListener - TEST STARTED: clickFreeListing
2026-05-09 17:03:54.571 [INFO ] org.example.pages.IndiaMartHomePage - Clicking Free Listing button.
2026-05-09 17:04:05.766 [INFO ] org.example.pages.IndiaMartHomePage - Navigated to Free Listing page. URL: https://seller.indiamart.com/
2026-05-09 17:04:05.785 [INFO ] org.example.tests.TC03_FreeListingFormTest - Step 3 | PASS | Free Listing page reached.
2026-05-09 17:04:05.786 [INFO ] org.example.listeners.ExtentTestListener - TEST PASSED:  clickFreeListing
2026-05-09 17:04:06.000 [INFO ] org.example.utils.ScreenshotUtil - Screenshot saved: C:\Users\2478599\IdeaProjects\Final Project\Team5\Team5_FinalProject_QEA\reports\screenshots\clickFreeListing_20260509_170405.png
2026-05-09 17:04:06.017 [INFO ] org.example.listeners.ExtentTestListener - TEST STARTED: handleT0901PopupAndEnterMobile
2026-05-09 17:04:06.026 [INFO ] org.example.pages.IndiaMartFreeListingPage - Attempting to enter invalid phone number: '2357'
2026-05-09 17:04:11.276 [INFO ] org.example.pages.BasePage - t0901 popup did not appear — proceeding.
2026-05-09 17:04:11.954 [INFO ] org.example.pages.IndiaMartFreeListingPage - Phone '2357' entered directly (no popup).
2026-05-09 17:04:11.954 [INFO ] org.example.tests.TC03_FreeListingFormTest - Step 4 | PASS | Invalid phone '2357' entered.
2026-05-09 17:04:11.954 [INFO ] org.example.listeners.ExtentTestListener - TEST PASSED:  handleT0901PopupAndEnterMobile
2026-05-09 17:04:12.241 [INFO ] org.example.utils.ScreenshotUtil - Screenshot saved: C:\Users\2478599\IdeaProjects\Final Project\Team5\Team5_FinalProject_QEA\reports\screenshots\handleT0901PopupAndEnterMobile_20260509_170411.png
2026-05-09 17:04:12.249 [INFO ] org.example.listeners.ExtentTestListener - TEST STARTED: captureValidationErrorMessage
2026-05-09 17:04:12.251 [INFO ] org.example.pages.IndiaMartFreeListingPage - Waiting for validation error message.
2026-05-09 17:04:12.336 [INFO ] org.example.pages.IndiaMartFreeListingPage - Validation error captured: "Please enter a valid 10 digit mobile number"
2026-05-09 17:04:12.336 [INFO ] org.example.tests.TC03_FreeListingFormTest - Step 5 | PASS | Error message captured: "Please enter a valid 10 digit mobile number"
2026-05-09 17:04:12.352 [INFO ] org.example.listeners.ExtentTestListener - TEST PASSED:  captureValidationErrorMessage
2026-05-09 17:04:12.592 [INFO ] org.example.utils.ScreenshotUtil - Screenshot saved: C:\Users\2478599\IdeaProjects\Final Project\Team5\Team5_FinalProject_QEA\reports\screenshots\captureValidationErrorMessage_20260509_170412.png
2026-05-09 17:04:20.842 [INFO ] org.example.base.BaseTest - Browser closed. Test run complete.
2026-05-09 17:04:20.844 [INFO ] org.example.listeners.ExtentTestListener - All tests finished. Flushing ExtentReport.
2026-05-09 17:04:20.931 [INFO ] org.example.tests.TC02_FitnessCenterTest - === TC02 Fitness Center Test — Setup ===
2026-05-09 17:04:24.028 [INFO ] org.example.tests.TC02_FitnessCenterTest - TC02 setup complete.
2026-05-09 17:04:24.028 [INFO ] org.example.listeners.ExtentTestListener - TEST STARTED: openIndiaMart
2026-05-09 17:04:24.038 [INFO ] org.example.pages.IndiaMartHomePage - Navigating to IndiaMart homepage.
2026-05-09 17:04:26.429 [INFO ] org.example.pages.IndiaMartHomePage - IndiaMart homepage loaded. Title: IndiaMART - Indian Manufacturers Suppliers Exporters Directory, India Exporter Manufacturer
2026-05-09 17:04:26.460 [INFO ] org.example.tests.TC02_FitnessCenterTest - Step 1 | PASS | IndiaMart opened.
2026-05-09 17:04:26.462 [INFO ] org.example.listeners.ExtentTestListener - TEST PASSED:  openIndiaMart
2026-05-09 17:04:27.301 [INFO ] org.example.utils.ScreenshotUtil - Screenshot saved: C:\Users\2478599\IdeaProjects\Final Project\Team5\Team5_FinalProject_QEA\reports\screenshots\openIndiaMart_20260509_170426.png
2026-05-09 17:04:27.311 [INFO ] org.example.listeners.ExtentTestListener - TEST STARTED: handleHomePagePopup
2026-05-09 17:04:27.319 [INFO ] org.example.pages.IndiaMartHomePage - Checking for homepage popup.
2026-05-09 17:04:35.367 [INFO ] org.example.pages.BasePage - Popup did not appear within 5s — skipping.
2026-05-09 17:04:35.367 [INFO ] org.example.tests.TC02_FitnessCenterTest - Step 2 | PASS | Home page popup check complete.
2026-05-09 17:04:35.367 [INFO ] org.example.listeners.ExtentTestListener - TEST PASSED:  handleHomePagePopup
2026-05-09 17:04:36.012 [INFO ] org.example.utils.ScreenshotUtil - Screenshot saved: C:\Users\2478599\IdeaProjects\Final Project\Team5\Team5_FinalProject_QEA\reports\screenshots\handleHomePagePopup_20260509_170435.png
2026-05-09 17:04:36.028 [INFO ] org.example.listeners.ExtentTestListener - TEST STARTED: searchFitnessCenter
2026-05-09 17:04:36.028 [INFO ] org.example.pages.IndiaMartHomePage - Searching for: 'Fitness Center'
2026-05-09 17:04:42.710 [INFO ] org.example.pages.IndiaMartHomePage - Search complete. Current URL: https://dir.indiamart.com/search.mp?ss=Fitness+Center&prdsrc=1&v=4&mcatid=&catid=&crs=xnh-city&trc=xim&cq=Chennai&tags=res:RC1-R5|ktp:N0|stype:attr=1|mtp:S|wc:2|lcf:3|cq:chennai|qr_nm:localhgmct-gl-gd|cs:19766|com-cf:nl|ptrs:na|mc:28446|cat:283|qry_typ:S|lang:en|tyr:1|qrd:260506|mrd:260428|prdt:260509|msf:ls|gli:U0G0I0|gc:Chennai|ic:Chennai|scw:1|emt:3
2026-05-09 17:04:42.723 [INFO ] org.example.tests.TC02_FitnessCenterTest - Step 3 | PASS | Searched for Fitness Center.
2026-05-09 17:04:42.723 [INFO ] org.example.listeners.ExtentTestListener - TEST PASSED:  searchFitnessCenter
2026-05-09 17:04:43.123 [INFO ] org.example.utils.ScreenshotUtil - Screenshot saved: C:\Users\2478599\IdeaProjects\Final Project\Team5\Team5_FinalProject_QEA\reports\screenshots\searchFitnessCenter_20260509_170442.png
2026-05-09 17:04:43.139 [INFO ] org.example.listeners.ExtentTestListener - TEST STARTED: handlePostSearchPopup
2026-05-09 17:04:43.139 [INFO ] org.example.pages.IndiaMartResultsPage - Checking for post-search popup.
2026-05-09 17:04:47.206 [WARN ] org.example.pages.BasePage - Popup detected and closed.
2026-05-09 17:04:47.210 [INFO ] org.example.pages.IndiaMartResultsPage - Post-search popup check complete.
2026-05-09 17:04:47.210 [INFO ] org.example.tests.TC02_FitnessCenterTest - Step 4 | PASS | Post-search popup check complete.
2026-05-09 17:04:47.210 [INFO ] org.example.listeners.ExtentTestListener - TEST PASSED:  handlePostSearchPopup
2026-05-09 17:04:47.590 [INFO ] org.example.utils.ScreenshotUtil - Screenshot saved: C:\Users\2478599\IdeaProjects\Final Project\Team5\Team5_FinalProject_QEA\reports\screenshots\handlePostSearchPopup_20260509_170447.png
2026-05-09 17:04:47.590 [INFO ] org.example.listeners.ExtentTestListener - TEST STARTED: applyChennaiFilter
2026-05-09 17:04:47.605 [INFO ] org.example.pages.IndiaMartResultsPage - Applying Chennai-based Suppliers filter.
2026-05-09 17:04:56.072 [INFO ] org.example.pages.IndiaMartResultsPage - Chennai-based Suppliers filter applied.
2026-05-09 17:04:56.072 [INFO ] org.example.tests.TC02_FitnessCenterTest - Step 5 | PASS | Chennai-based Suppliers filter applied.
2026-05-09 17:04:56.077 [INFO ] org.example.listeners.ExtentTestListener - TEST PASSED:  applyChennaiFilter
2026-05-09 17:04:56.486 [INFO ] org.example.utils.ScreenshotUtil - Screenshot saved: C:\Users\2478599\IdeaProjects\Final Project\Team5\Team5_FinalProject_QEA\reports\screenshots\applyChennaiFilter_20260509_170456.png
2026-05-09 17:04:56.488 [INFO ] org.example.listeners.ExtentTestListener - TEST STARTED: applyGymOnlyFilter
2026-05-09 17:04:56.488 [INFO ] org.example.pages.IndiaMartResultsPage - Applying Gym Only filter.
2026-05-09 17:05:04.943 [INFO ] org.example.pages.IndiaMartResultsPage - Gym Only filter applied.
2026-05-09 17:05:04.951 [INFO ] org.example.tests.TC02_FitnessCenterTest - Step 6 | PASS | Gym Only filter applied.
2026-05-09 17:05:04.951 [INFO ] org.example.listeners.ExtentTestListener - TEST PASSED:  applyGymOnlyFilter
2026-05-09 17:05:05.250 [INFO ] org.example.utils.ScreenshotUtil - Screenshot saved: C:\Users\2478599\IdeaProjects\Final Project\Team5\Team5_FinalProject_QEA\reports\screenshots\applyGymOnlyFilter_20260509_170504.png
2026-05-09 17:05:05.266 [INFO ] org.example.listeners.ExtentTestListener - TEST STARTED: displayAllListings
2026-05-09 17:05:05.298 [INFO ] org.example.pages.IndiaMartResultsPage - ===== FITNESS CENTERS IN CHENNAI - GYM ONLY (TOP 5) =====
2026-05-09 17:05:05.308 [INFO ] org.example.pages.IndiaMartResultsPage - Displaying 5 of 5 result(s) found.
2026-05-09 17:05:05.531 [INFO ] org.example.pages.IndiaMartResultsPage - 1. Service: Gym Fitness Club | Company: Corporate Culprits Club | Rating: N/A | Location: Chennai
2026-05-09 17:05:05.739 [INFO ] org.example.pages.IndiaMartResultsPage - 2. Service: Gym-Fitness Centre | Company: SKS Foundation India Private Limited | Rating: N/A | Location: Chennai
2026-05-09 17:05:05.961 [INFO ] org.example.pages.IndiaMartResultsPage - 3. Service: Fitness Center Services | Company: 7D Health Plus Fitness Studios | Rating: N/A | Location: Chennai
2026-05-09 17:05:06.185 [INFO ] org.example.pages.IndiaMartResultsPage - 4. Service: Fitness Center | Company: Flash Properietor Mathangi R | Rating: N/A | Location: Chennai
2026-05-09 17:05:06.394 [INFO ] org.example.pages.IndiaMartResultsPage - 5. Service: Fitness Center Services | Company: SSJ Medicare | Rating: N/A | Location: Chennai
2026-05-09 17:05:06.394 [INFO ] org.example.pages.IndiaMartResultsPage - ==========================================================
2026-05-09 17:05:06.744 [INFO ] org.example.utils.ExcelUtil - Excel report saved: C:\Users\2478599\IdeaProjects\Final Project\Team5\Team5_FinalProject_QEA\test-output\FitnessCenter.xlsx
2026-05-09 17:05:06.776 [INFO ] org.example.tests.TC02_FitnessCenterTest - Step 7 | PASS | All fitness center listings displayed on console.
2026-05-09 17:05:06.776 [INFO ] org.example.listeners.ExtentTestListener - TEST PASSED:  displayAllListings
2026-05-09 17:05:07.072 [INFO ] org.example.utils.ScreenshotUtil - Screenshot saved: C:\Users\2478599\IdeaProjects\Final Project\Team5\Team5_FinalProject_QEA\reports\screenshots\displayAllListings_20260509_170506.png
2026-05-09 17:05:14.457 [INFO ] org.example.base.BaseTest - Browser closed. Test run complete.
2026-05-09 17:05:14.459 [INFO ] org.example.listeners.ExtentTestListener - All tests finished. Flushing ExtentReport.
2026-05-09 17:05:16.371 [INFO ] org.example.stepdefs.Hooks - Starting browser for Cucumber scenario.
2026-05-09 17:05:19.539 [INFO ] org.example.stepdefs.Hooks - Browser launched successfully.
2026-05-09 17:05:19.555 [INFO ] org.example.stepdefs.CarWashServicesSteps - Step: Opening IndiaMart home page.
2026-05-09 17:05:19.555 [INFO ] org.example.pages.IndiaMartHomePage - Navigating to IndiaMart homepage.
2026-05-09 17:05:23.594 [INFO ] org.example.pages.IndiaMartHomePage - IndiaMart homepage loaded. Title: IndiaMART - Indian Manufacturers Suppliers Exporters Directory, India Exporter Manufacturer
2026-05-09 17:05:23.594 [INFO ] org.example.pages.IndiaMartHomePage - Checking for homepage popup.
2026-05-09 17:05:31.682 [INFO ] org.example.pages.BasePage - Popup did not appear within 5s — skipping.
2026-05-09 17:05:31.696 [INFO ] org.example.pages.IndiaMartHomePage - Clicking Free Listing button.
2026-05-09 17:05:41.494 [INFO ] org.example.pages.IndiaMartHomePage - Navigated to Free Listing page. URL: https://seller.indiamart.com/
2026-05-09 17:05:41.506 [INFO ] org.example.pages.IndiaMartFreeListingPage - Attempting to enter invalid phone number: 'ABCD12345'
2026-05-09 17:05:46.583 [INFO ] org.example.pages.BasePage - t0901 popup did not appear — proceeding.
2026-05-09 17:05:47.227 [INFO ] org.example.pages.IndiaMartFreeListingPage - Phone 'ABCD12345' entered directly (no popup).
2026-05-09 17:05:47.227 [INFO ] org.example.pages.IndiaMartFreeListingPage - Waiting for validation error message.
2026-05-09 17:05:47.296 [INFO ] org.example.pages.IndiaMartFreeListingPage - Validation error captured: "Please enter a valid 10 digit mobile number"
2026-05-09 17:05:47.525 [INFO ] org.example.utils.ScreenshotUtil - Screenshot saved: C:\Users\2478599\IdeaProjects\Final Project\Team5\Team5_FinalProject_QEA\reports\screenshots\Show_error_message_when_phone_number_is_invalid_20260509_170547.png
2026-05-09 17:05:47.829 [INFO ] org.example.stepdefs.Hooks - Scenario PASSED: 'Show error message when phone number is invalid' — screenshot attached.
2026-05-09 17:05:55.504 [INFO ] org.example.stepdefs.Hooks - Browser closed after scenario.
